MPU9250.c:130:13:MPU9250_OnActivate	4	static
MPU9250.c:134:7:MPU9250_IsConnected	8	static
MPU9250.c:142:6:MPU_I2C_Write	32	static
MPU9250.c:147:6:MPU_I2C_Read	32	static
MPU9250.c:202:6:writeRegister	16	static
MPU9250.c:213:6:readRegisters	16	static
MPU9250.c:222:6:writeAK8963Register	16	static
MPU9250.c:238:6:readAK8963Registers	16	static
MPU9250.c:257:16:whoAmI	8	static
MPU9250.c:266:12:whoAmIAK8963	8	static
MPU9250.c:274:9:MPU9250_Init	16	static
MPU9250.c:375:6:MPU9250_SetAccelRange	16	static
MPU9250.c:381:6:MPU9250_SetGyroRange	16	static
MPU9250.c:387:6:MPU9250_SetDLPFBandwidth	16	static
MPU9250.c:394:6:MPU9250_SetSampleRateDivider	16	static
MPU9250.c:437:6:MPU9250_GetData	32	static
MPU9250.c:459:6:calibrateMPU9250	104	static
MPU9250.c:613:6:MadgwickQuaternionUpdate	208	static
MPU9250.c:709:6:MahonyQuaternionUpdate	176	static
