TinyGPS.c:32:10:millis	4	static
TinyGPS.c:76:8:gpsisdigit	16	static
TinyGPS.c:83:6:TinyGPS	4	static
TinyGPS.c:109:6:encode	24	static
TinyGPS.c:154:9:from_hex	16	static
TinyGPS.c:164:10:parse_decimal	24	static
TinyGPS.c:184:10:parse_degrees	24	static
TinyGPS.c:206:6:term_complete	24	static
TinyGPS.c:320:9:gpsatol	24	static
TinyGPS.c:328:9:gpsstrcmp	16	static
TinyGPS.c:336:9:distance_between	64	static
TinyGPS.c:361:9:course_to	48	static
TinyGPS.c:384:6:get_position	24	static
TinyGPS.c:393:6:get_datetime	24	static
TinyGPS.c:401:6:f_get_position	32	static
TinyGPS.c:409:6:crack_datetime	32	static
TinyGPS.c:427:9:f_altitude	8	static
TinyGPS.c:432:9:f_course	8	static
TinyGPS.c:437:9:f_speed_knots	8	static
TinyGPS.c:461:9:altitude	4	static
TinyGPS.c:464:10:course	4	static
TinyGPS.c:467:10:speed	4	static
TinyGPS.c:470:9:satellites	4	static
TinyGPS.c:473:10:hdop	4	static
